// Jest Snapshot v1, https://goo.gl/fbAQLP

exports[`Pruebas en <GifGrid/> Debe de mostrar items cuando se cargan im√°genes useFetchGifs 1`] = `
<div>
  <h3>
    mr. robot
  </h3>
  <h2>
    Loading...
  </h2>
  <div
    class="card-grid"
  />
</div>
`;
